
 Start  Stop   Length Name               Class

 00000H 0A0DFH 0A0E0H _TEXT              CODE
 0A0E0H 0A6E2H 00603H PLCSCR_TEXT        CODE
 0A6E3H 0A744H 00062H TASKNULL_TEXT      CODE
 0A745H 0A865H 00121H IOHW_TEXT          CODE
 0A866H 0AAB4H 0024FH RCLOCK_TEXT        CODE
 0AAB5H 0B317H 00863H SLP_TEXT           CODE
 0B318H 0B4C5H 001AEH QUEUE_TEXT         CODE
 0B4C6H 0B9CAH 00505H DECODER_TEXT       CODE
 0B9CBH 0BA27H 0005DH COMPROT_TEXT       CODE
 0BA28H 0BF2BH 00504H PLC_TEXT           CODE
 0BF2CH 0C023H 000F8H SCREEN_TEXT        CODE
 0C024H 0C626H 00603H CMCLOCK_TEXT       CODE
 0C627H 0C97FH 00359H ERROR_TEXT         CODE
 0C980H 0D01FH 006A0H ATCUMAIN_TEXT      CODE
 0D020H 0DA28H 00A09H NVRAMPC_TEXT       CODE
 0DA29H 0EDCAH 013A2H POSCON_TEXT        CODE
 0EDCBH 0F200H 00436H PROTOCOL_TEXT      CODE
 0F201H 10FDFH 01DDFH SEQ_TEXT           CODE
 10FE0H 118C9H 008EAH SEQSCR_TEXT        CODE
 118CAH 11C1EH 00355H KBSEQ_TEXT         CODE
 11C1FH 11C39H 0001BH WDOG_TEXT          CODE
 11C3AH 135D5H 0199CH STARTRAK_TEXT      CODE
 135D6H 135FAH 00025H TUNEKBD_TEXT       CODE
 135FBH 16298H 02C9EH TPARSER_TEXT       CODE
 16299H 163B2H 0011AH TUNEOUT_TEXT       CODE
 163B3H 16DE8H 00A36H TUNESCR_TEXT       CODE
 16DE9H 17FF9H 01211H SERIAL_TEXT        CODE
 17FFAH 1807EH 00085H SERINIT_TEXT       CODE
 1807FH 1A034H 01FB6H SERINT_TEXT        CODE
 1A035H 1A3FBH 003C7H COMDEC_TEXT        CODE
 1A3FCH 1A6ABH 002B0H KBTASK_TEXT        CODE
 1A6ACH 1A74EH 000A3H CLOCK_TEXT         CODE
 1A74FH 1A794H 00046H FPX_TEXT           CODE
 1A795H 1A84EH 000BAH HWPC_TEXT          CODE
 1A84FH 1ADFAH 005ACH KBDDRV_TEXT        CODE
 1ADFBH 1B3C2H 005C8H PCSCR_TEXT         CODE
 1B3C3H 1E938H 03576H UNOS_TEXT          CODE
 1E939H 1E947H 0000FH UNOSASM_TEXT       CODE
 1E948H 1F59AH 00C53H INTELS3_TEXT       CODE
 1F59BH 1F7E7H 0024DH SIMINTEL_TEXT      CODE
 1F7F0H 1FDC1H 005D2H E87_PROG           CODE
 1FDC2H 20A81H 00CC0H _TEXTC             CODE
 20A90H 20A90H 00000H _FARDATA           FAR_DATA
 20A90H 20C5EH 001CFH PLCSCR_DATA        FAR_DATA
 20C60H 20C60H 00000H TASKNULL_DATA      FAR_DATA
 20C60H 20C73H 00014H IOHW_DATA          FAR_DATA
 20C74H 20CBDH 0004AH RCLOCK_DATA        FAR_DATA
 20CBEH 20F59H 0029CH SLP_DATA           FAR_DATA
 20F5AH 20F5AH 00000H QUEUE_DATA         FAR_DATA
 20F5AH 210A9H 00150H DECODER_DATA       FAR_DATA
 210AAH 210ABH 00002H COMPROT_DATA       FAR_DATA
 210ACH 21124H 00079H PLC_DATA           FAR_DATA
 21126H 21176H 00051H SCREEN_DATA        FAR_DATA
 21178H 211A0H 00029H CMCLOCK_DATA       FAR_DATA
 211A2H 211D9H 00038H ERROR_DATA         FAR_DATA
 211DAH 21851H 00678H ATCUMAIN_DATA      FAR_DATA
 21852H 21D98H 00547H NVRAMPC_DATA       FAR_DATA
 21D9AH 221D1H 00438H POSCON_DATA        FAR_DATA
 221D2H 2222EH 0005DH PROTOCOL_DATA      FAR_DATA
 22230H 224D7H 002A8H SEQ_DATA           FAR_DATA
 224D8H 22E33H 0095CH SEQSCR_DATA        FAR_DATA
 22E34H 22EB3H 00080H KBSEQ_DATA         FAR_DATA
 22EB4H 22EB4H 00000H WDOG_DATA          FAR_DATA
 22EB4H 23251H 0039EH STARTRAK_DATA      FAR_DATA
 23252H 23252H 00000H TUNEKBD_DATA       FAR_DATA
 23252H 243EFH 0119EH TPARSER_DATA       FAR_DATA
 243F0H 24491H 000A2H TUNEOUT_DATA       FAR_DATA
 24492H 24B69H 006D8H TUNESCR_DATA       FAR_DATA
 24B6AH 24CACH 00143H SERIAL_DATA        FAR_DATA
 24CAEH 24CCAH 0001DH SERINIT_DATA       FAR_DATA
 24CCCH 24F61H 00296H SERINT_DATA        FAR_DATA
 24F62H 24F62H 00000H COMDEC_DATA        FAR_DATA
 24F62H 24F86H 00025H KBTASK_DATA        FAR_DATA
 24F88H 24F97H 00010H CLOCK_DATA         FAR_DATA
 24F98H 24F98H 00000H FPX_DATA           FAR_DATA
 24F98H 24F98H 00000H HWPC_DATA          FAR_DATA
 24F98H 250F2H 0015BH KBDDRV_DATA        FAR_DATA
 250F4H 25169H 00076H PCSCR_DATA         FAR_DATA
 2516AH 253FBH 00292H UNOS_DATA          FAR_DATA
 253FCH 253FCH 00000H UNOSASM_DATA       FAR_DATA
 253FCH 254ABH 000B0H INTELS3_DATA       FAR_DATA
 254ACH 2550AH 0005FH SIMINTEL_DATA      FAR_DATA
 2550CH 2550CH 00000H ATAN_DATA          FAR_DATA
 2550CH 2550CH 00000H FABS_DATA          FAR_DATA
 2550CH 2552FH 00024H HUGEVAL_DATA       FAR_DATA
 25530H 25530H 00000H LDTRUNC_DATA       FAR_DATA
 25530H 25572H 00043H MATHWHY_DATA       FAR_DATA
 25574H 25574H 00000H REALCVT_DATA       FAR_DATA
 25574H 25574H 00000H ROUND_DATA         FAR_DATA
 25574H 2558BH 00018H SCANTOD_DATA       FAR_DATA
 2558CH 2558CH 00000H STRTOD_DATA        FAR_DATA
 2558CH 2558CH 00000H XCVT_DATA          FAR_DATA
 2558CH 25625H 0009AH FPERR_DATA         FAR_DATA
 25626H 256A5H 00080H _POW10_DATA        FAR_DATA
 256A6H 256A6H 00000H POW10D_DATA        FAR_DATA
 256A6H 256A6H 00000H FMOD_DATA          FAR_DATA
 256A6H 256A6H 00000H MATHERR_DATA       FAR_DATA
 256A6H 256B2H 0000DH SQRT_DATA          FAR_DATA
 256B4H 256B7H 00004H EXP_DATA           FAR_DATA
 256B8H 256B8H 00000H FLOOR_DATA         FAR_DATA
 256B8H 256C5H 0000EH LOG10_DATA         FAR_DATA
 256C6H 256D5H 00010H POW_DATA           FAR_DATA
 256D6H 256E1H 0000CH SIN_DATA           FAR_DATA
 256E2H 256EDH 0000CH TAN_DATA           FAR_DATA
 256EEH 256FBH 0000EH _MATHERR_DATA      FAR_DATA
 256FCH 25707H 0000CH COS_DATA           FAR_DATA
 25708H 25719H 00012H ACOSASIN_DATA      FAR_DATA
 2571AH 25731H 00018H ATAN2_DATA         FAR_DATA
 25740H 2574BH 0000CH STRINGS5_DATA      FAR_DATA
 25750H 25750H 00000H _FARBSS            FAR_BSS
 25750H 25750H 00000H _OVERLAY_          OVRINFO
 25750H 25750H 00000H _1STUB_            STUBSEG
 25750H 2623DH 00AEEH _DATA              DATA
 2623EH 26241H 00004H _CVTSEG            DATA
 26242H 2624DH 0000CH _SCNSEG            DATA
 2624EH 2624EH 00000H _CONST             CONST
 2624EH 2627DH 00030H _INIT_             INITDATA
 2627EH 2627EH 00000H _INITEND_          INITDATA
 2627EH 26289H 0000CH _EXIT_             EXITDATA
 2628AH 2628AH 00000H _EXITEND_          EXITDATA
 26290H 263BFH 00130H _STACK             STACK

Program entry point at 0000:0000

